[?25l[?2004hðŸŒ± sprout[K
         [K
> spr-123-add-user-authentication                                               
â”œâ”€â”€SPR-123  Add user authentication[K
â”œâ”€â”€SPR-124  Implement dashboard with analytics and reportin...[K
â””â”€â”€SPR-127  Fix critical bug in payment processing[K[80D[2K[?2004l[?25h[?1002l[?1003l[?1006l