[?25l[?2004hðŸŒ± sprout[K
         [K
> spr-200-feature-b-dashboard-and-analytics                                     
â”œâ”€â”€SPR-100  Feature A: User management system[K
â”œâ”€â”€SPR-101  Add user registration[K
â”œâ”€â”€SPR-102  Implement user authentication[K
â”œâ”€â”€+ Add subtask[K
â”œâ”€â”€SPR-200  Feature B: Dashboard and analytics[K
â”œâ”€â”€SPR-201  Create dashboard layout[K
â”œâ”€â”€SPR-202  Add analytics widgets[K
â”œâ”€â”€SPR-203  Implement data visualization[K
â”œâ”€â”€+ Add subtask[K
â””â”€â”€SPR-300  Bug fix: Payment processing errors[K[80D[2K[?2004l[?25h[?1002l[?1003l[?1006l