[?25l[?2004hHello World[K[80D[2K[?2004l[?25h[?1002l[?1003l[?1006l